
> digital-auction-platform@0.1.0 build
> next build

   Γû▓ Next.js 16.0.10 (Turbopack)
   - Environments: .env

   Creating an optimized production build ...
 Γ£ô Compiled successfully in 4.3s
   Running TypeScript ...
   Collecting page data using 15 workers ...
   Generating static pages using 15 workers (0/38) ...
Γ£à Email server is ready to send messages
Γ£à Email server is ready to send messages
Γ£à Email server is ready to send messages
Γ£à Email server is ready to send messages
Γ£à Email server is ready to send messages
Γ£à Email server is ready to send messages
Γ£à Email server is ready to send messages
Γ£à Email server is ready to send messages
Γ£à Email server is ready to send messages
Γ£à Email server is ready to send messages
Γ£à Email server is ready to send messages
Γ£à Email server is ready to send messages
Γ£à Email server is ready to send messages
Γ£à Email server is ready to send messages
Γ£à Email server is ready to send messages
Γ£à Email server is ready to send messages
Γ£à Email server is ready to send messages
Γ£à Email server is ready to send messages
Γ£à Email server is ready to send messages
Γ£à Email server is ready to send messages
Γ£à Email server is ready to send messages
Γ£à Email server is ready to send messages
Γ£à Email server is ready to send messages
Γ£à Email server is ready to send messages
   Generating static pages using 15 workers (9/38) 
   Generating static pages using 15 workers (18/38) 
   Generating static pages using 15 workers (28/38) 
node.exe :  Γ¿» 
useSearchParams() should be 
wrapped in a suspense boundary 
at page "/verify-email". Read 
more: https://nextjs.org/docs/m
essages/missing-suspense-with-c
sr-bailout
At line:1 char:1
+ & "C:\Program 
Files\nodejs/node.exe" 
"C:\Program 
Files\nodejs/node_mo ...
+ ~~~~~~~~~~~~~~~~~~~~~~~~~~~~~
~~~~~~~~~~~~~~~~~~~~~~~~~~~~~~~
~~~~~~~~~
    + CategoryInfo          :  
   NotSpecified: ( Γ¿» useSea  
  rchP...ith-csr-bailout:Str   
 ing) [], RemoteException
    + FullyQualifiedErrorId :  
   NativeCommandError
 
    at S (C:\Users\Admin\Deskto
p\digital-auction-platform\.nex
t\server\chunks\ssr\node_module
s_next_15323350._.js:2:2111)
    at p (C:\Users\Admin\Deskto
p\digital-auction-platform\.nex
t\server\chunks\ssr\node_module
s_next_15323350._.js:4:4847)
    at g (C:\Users\Admin\Deskto
p\digital-auction-platform\.nex
t\server\chunks\ssr\[root-of-th
e-server]__f94e37c0._.js:1:3614
)
    at ar (C:\Users\Admin\Deskt
op\digital-auction-platform\nod
e_modules\next\dist\compiled\ne
xt-server\app-page-turbo.runtim
e.prod.js:2:84366)
    at aa (C:\Users\Admin\Deskt
op\digital-auction-platform\nod
e_modules\next\dist\compiled\ne
xt-server\app-page-turbo.runtim
e.prod.js:2:86185)
    at aa (C:\Users\Admin\Deskt
op\digital-auction-platform\nod
e_modules\next\dist\compiled\ne
xt-server\app-page-turbo.runtim
e.prod.js:2:104714)
    at as (C:\Users\Admin\Deskt
op\digital-auction-platform\nod
e_modules\next\dist\compiled\ne
xt-server\app-page-turbo.runtim
e.prod.js:2:107952)
    at ao (C:\Users\Admin\Deskt
op\digital-auction-platform\nod
e_modules\next\dist\compiled\ne
xt-server\app-page-turbo.runtim
e.prod.js:2:105374)
    at ap (C:\Users\Admin\Deskt
op\digital-auction-platform\nod
e_modules\next\dist\compiled\ne
xt-server\app-page-turbo.runtim
e.prod.js:2:112881)
    at al (C:\Users\Admin\Deskt
op\digital-auction-platform\nod
e_modules\next\dist\compiled\ne
xt-server\app-page-turbo.runtim
e.prod.js:2:109984)
Error occurred prerendering 
page "/verify-email". Read 
more: https://nextjs.org/docs/m
essages/prerender-error
Export encountered an error on 
/(auth-pages)/verify-email/page
: /verify-email, exiting the 
build.
 Γ¿» Next.js build worker 
exited with code: 1 and 
signal: null
